[r.mobirisesite.com/1345506/assets/images/photo-1532461844054-cee312ab1-h_m8u94lqx.jpg]
[backblue.gif]
[fade.gif]
[index.html]
[r.mobirisesite.com/1345506/assets/web/assets/mobirise-icons2/mobirise2eac4.css]
[r.mobirisesite.com/1345506/assets/bootstrap/css/bootstrap.mind5c4.css]
[r.mobirisesite.com/1345506/assets/bootstrap/css/bootstrap-grid.mind5c4.css]
[r.mobirisesite.com/1345506/assets/bootstrap/css/bootstrap-reboot.mind5c4.css]
[r.mobirisesite.com/1345506/assets/parallax/jarallaxd5c4.css]
[r.mobirisesite.com/1345506/assets/dropdown/css/styled5c4.css]
[r.mobirisesite.com/1345506/assets/smart-cart/minicart-themed5c4.css]
[r.mobirisesite.com/1345506/assets/socicon/css/stylesd5c4.css]
[r.mobirisesite.com/1345506/assets/theme/css/styled5c4.css]
[r.mobirisesite.com/1345506/assets/recaptchad5c4.css]
[r.mobirisesite.com/1345506/assets/css/mbr-additionald5c4.css]
[r.mobirisesite.com/1345506/assets/images/photo-1508847154043-be5407fcaa5a.jpg]
[r.mobirisesite.com/1345506/assets/images/photo-1613089222731-8841ac989caa.jpg]
[r.mobirisesite.com/1345506/assets/images/photo-1587556930799-8dca6fad6d41.jpg]
[r.mobirisesite.com/1345506/assets/images/photo-1476304884326-cd2c88572c5f.jpg]
[r.mobirisesite.com/1345506/assets/images/photo-1489760176169-fd3d32805239.jpg]
[r.mobirisesite.com/1345506/assets/images/photo-1572567981653-ce74f7356946.jpg]
[r.mobirisesite.com/1345506/assets/images/photo-1516321318423-f06f85e504b3.jpg]
[r.mobirisesite.com/1345506/assets/images/photo-1575846171058-979e0c211-h_m8u9w9tj.jpg]
[r.mobirisesite.com/1345506/assets/images/photo-1621624666561-84d010700-h_m8u9vvro.jpg]
[r.mobirisesite.com/1345506/assets/images/photo-1692558588242-57cec1e32-h_m8u9wiuw.jpg]
[r.mobirisesite.com/1345506/assets/web/assets/jquery/jquery.mind5c4.js]
[r.mobirisesite.com/1345506/assets/bootstrap/js/bootstrap.bundle.mind5c4.js]
[r.mobirisesite.com/1345506/assets/parallax/jarallaxd5c4.js]
[r.mobirisesite.com/1345506/assets/smoothscroll/smooth-scrolld5c4.js]
[r.mobirisesite.com/1345506/assets/ytplayer/indexd5c4.js]
[r.mobirisesite.com/1345506/assets/dropdown/js/navbar-dropdownd5c4.js]
[r.mobirisesite.com/1345506/assets/smart-cart/minicartd5c4.js]
[r.mobirisesite.com/1345506/assets/smart-cart/minicart-customizerd5c4.js]
[r.mobirisesite.com/1345506/assets/embla/embla.mind5c4.js]
[r.mobirisesite.com/1345506/assets/embla/scriptd5c4.js]
[r.mobirisesite.com/1345506/assets/mbr-tabs/mbr-tabsd5c4.js]
[r.mobirisesite.com/1345506/assets/theme/js/scriptd5c4.js]
[1345506.mobirisesite.com/index.html]
[r.mobirisesite.com/1345506/assets/formoid.mind5c4.js]
[r.mobirisesite.com/1345506/assets/web/assets/mobirise-icons2/mobirise21e04.eot]
[r.mobirisesite.com/1345506/assets/web/assets/mobirise-icons2/mobirise21e04.ttf]
[r.mobirisesite.com/1345506/assets/web/assets/mobirise-icons2/mobirise21e04.woff]
[r.mobirisesite.com/1345506/assets/web/assets/mobirise-icons2/mobirise2eac4.css]
[r.mobirisesite.com/1345506/assets/bootstrap/css/bootstrap.mind5c4.css]
[r.mobirisesite.com/1345506/assets/bootstrap/css/bootstrap-grid.mind5c4.css]
[r.mobirisesite.com/1345506/assets/bootstrap/css/bootstrap-reboot.mind5c4.css]
[r.mobirisesite.com/1345506/assets/parallax/jarallaxd5c4.css]
[r.mobirisesite.com/1345506/assets/dropdown/css/styled5c4.css]
[r.mobirisesite.com/1345506/assets/smart-cart/minicart-themed5c4.css]
[r.mobirisesite.com/1345506/assets/socicon/css/stylesd5c4.css]
[r.mobirisesite.com/1345506/assets/theme/css/styled5c4.css]
[r.mobirisesite.com/1345506/assets/recaptchad5c4.css]
[r.mobirisesite.com/1345506/assets/web/assets/mobirise-icons2/mobirise21e04.svg]
[r.mobirisesite.com/1345506/assets/images/photo-1612129727401-13b7676cf47e.jpg]
[r.mobirisesite.com/1345506/assets/css/mbr-additionald5c4.css]
[r.mobirisesite.com/1345506/assets/web/assets/mobirise-icons2/mobirise21e04.svg]
